
> conspectus-mobile@0.5.06 test
> vitest run && vitest run --config vitest.scripts.config.ts


[1m[46m RUN [49m[22m [36mv4.0.18 [39m[90mC:/Users/jon20/Documents/Repositories/Conspectus-Mobile[39m

 [32mÔ£ô[39m src/features/app-shell/dbRuntimeResolver.test.ts [2m([22m[2m2 tests[22m[2m)[22m[32m 39[2mms[22m[39m
 [32mÔ£ô[39m src/features/app-shell/authClientResolver.test.ts [2m([22m[2m3 tests[22m[2m)[22m[32m 66[2mms[22m[39m
 [32mÔ£ô[39m src/features/app-shell/routes/settingsCacheStoreResolver.test.ts [2m([22m[2m3 tests[22m[2m)[22m[32m 108[2mms[22m[39m
 [32mÔ£ô[39m src/features/app-shell/graphClientResolver.test.ts [2m([22m[2m2 tests[22m[2m)[22m[32m 99[2mms[22m[39m
 [32mÔ£ô[39m src/cache/dexieCacheStore.test.ts [2m([22m[2m7 tests[22m[2m)[22m[32m 90[2mms[22m[39m
 [32mÔ£ô[39m src/db/browserDbRuntime.test.ts [2m([22m[2m6 tests[22m[2m)[22m[32m 115[2mms[22m[39m
 [32mÔ£ô[39m src/db/accountQueryService.test.ts [2m([22m[2m5 tests[22m[2m)[22m[32m 115[2mms[22m[39m
 [32mÔ£ô[39m src/db/transferMonthQueryService.test.ts [2m([22m[2m10 tests[22m[2m)[22m[32m 116[2mms[22m[39m
 [32mÔ£ô[39m src/features/app-shell/routes/transfersMonthNavigation.test.ts [2m([22m[2m8 tests[22m[2m)[22m[32m 38[2mms[22m[39m
 [32mÔ£ô[39m src/shared/config/buildInfo.test.ts [2m([22m[2m6 tests[22m[2m)[22m[32m 35[2mms[22m[39m
 [32mÔ£ô[39m src/features/app-shell/startupFreshnessService.test.ts [2m([22m[2m21 tests[22m[2m)[22m[32m 34[2mms[22m[39m
 [32mÔ£ô[39m src/features/app-shell/cachedDatabaseSnapshotService.test.ts [2m([22m[2m4 tests[22m[2m)[22m[32m 44[2mms[22m[39m
 [32mÔ£ô[39m src/features/app-shell/routes/settingsFileBindingController.test.ts [2m([22m[2m18 tests[22m[2m)[22m[32m 33[2mms[22m[39m
 [32mÔ£ô[39m src/features/app-shell/routes/settingsAuthController.test.ts [2m([22m[2m9 tests[22m[2m)[22m[32m 16[2mms[22m[39m
 [32mÔ£ô[39m src/db/sqlJsLoader.test.ts [2m([22m[2m2 tests[22m[2m)[22m[32m 13[2mms[22m[39m
 [32mÔ£ô[39m src/features/app-shell/routes/accountsRouteController.test.ts [2m([22m[2m4 tests[22m[2m)[22m[32m 7[2mms[22m[39m
 [32mÔ£ô[39m src/auth/scopes.test.ts [2m([22m[2m5 tests[22m[2m)[22m[32m 9[2mms[22m[39m
 [32mÔ£ô[39m src/features/app-shell/startupDbRuntimeSync.test.ts [2m([22m[2m4 tests[22m[2m)[22m[32m 6[2mms[22m[39m
 [32mÔ£ô[39m src/features/app-shell/startupBindingSync.test.ts [2m([22m[2m2 tests[22m[2m)[22m[32m 4[2mms[22m[39m
 [32mÔ£ô[39m src/shared/state/toastStore.test.ts [2m([22m[2m2 tests[22m[2m)[22m[32m 11[2mms[22m[39m
 [32mÔ£ô[39m src/features/app-shell/hashRouting.test.ts [2m([22m[2m7 tests[22m[2m)[22m[32m 10[2mms[22m[39m
 [32mÔ£ô[39m src/shared/state/selectedDriveItemBindingStore.test.ts [2m([22m[2m12 tests[22m[2m)[22m[32m 8[2mms[22m[39m
 [32mÔ£ô[39m src/auth/msalAuthClient.test.ts [2m([22m[2m20 tests[22m[2m)[22m[32m 26[2mms[22m[39m
 [32mÔ£ô[39m src/graph/graphClient.test.ts [2m([22m[2m29 tests[22m[2m)[22m[32m 84[2mms[22m[39m
 [31mÔØ»[39m src/features/app-shell/startupSyncStateController.test.ts [2m([22m[2m9 tests[22m[2m | [22m[31m6 failed[39m[2m)[22m[32m 27[2mms[22m[39m
[31m     [31m├ù[31m enters syncing state and shows an info toast when startup sync begins[39m[32m 12[2mms[22m[39m
[31m     [31m├ù[31m applies a successful online change decision and surfaces a success toast[39m[32m 1[2mms[22m[39m
[31m     [31m├ù[31m applies stale cached fallback decisions and surfaces a warning toast[39m[32m 2[2mms[22m[39m
[31m     [31m├ù[31m applies auth-expired fallback decisions with the cached-db warning message[39m[32m 1[2mms[22m[39m
     [32mÔ£ô[39m applies auth-expired terminal decisions as actionable errors[32m 3[2mms[22m[39m
     [32mÔ£ô[39m resets to idle when the startup decision is skipped[32m 1[2mms[22m[39m
     [32mÔ£ô[39m applies unexpected startup errors and surfaces an error toast[32m 1[2mms[22m[39m
[31m     [31m├ù[31m maps deterministic db runtime open errors into startup sync error state[39m[32m 1[2mms[22m[39m
[31m     [31m├ù[31m falls back to a deterministic generic message for unknown db runtime failures[39m[32m 1[2mms[22m[39m
 [32mÔ£ô[39m src/shared/utils/sumCents.test.ts [2m([22m[2m7 tests[22m[2m)[22m[32m 6[2mms[22m[39m
 [32mÔ£ô[39m src/shared/config/runtimeEnv.test.ts [2m([22m[2m4 tests[22m[2m)[22m[32m 9[2mms[22m[39m
 [32mÔ£ô[39m src/features/app-shell/routes/settingsLocalDataController.test.ts [2m([22m[2m3 tests[22m[2m)[22m[32m 7[2mms[22m[39m
 [32mÔ£ô[39m src/shared/config/envExampleCompleteness.test.ts [2m([22m[2m1 test[22m[2m)[22m[32m 6[2mms[22m[39m
 [32mÔ£ô[39m src/features/app-shell/components/BottomSheet.test.ts [2m([22m[2m2 tests[22m[2m)[22m[32m 8[2mms[22m[39m
 [32mÔ£ô[39m src/features/app-shell/components/ToastContainer.test.ts [2m([22m[2m1 test[22m[2m)[22m[32m 13[2mms[22m[39m
 [31mÔØ»[39m src/features/app-shell/components/statePlaceholders.test.ts [2m([22m[2m3 tests[22m[2m | [22m[31m1 failed[39m[2m)[22m[32m 21[2mms[22m[39m
[31m     [31m├ù[31m renders loading placeholder content with polite live region[39m[32m 16[2mms[22m[39m
     [32mÔ£ô[39m renders default error placeholder message in assertive alert region[32m 3[2mms[22m[39m
     [32mÔ£ô[39m renders a custom error placeholder message[32m 1[2mms[22m[39m
 [32mÔ£ô[39m src/shared/state/syncStateStore.test.ts [2m([22m[2m10 tests[22m[2m)[22m[32m 9[2mms[22m[39m
 [32mÔ£ô[39m src/features/app-shell/routes/SettingsRoute.test.ts [2m([22m[2m1 test[22m[2m)[22m[32m 5[2mms[22m[39m
 [31mÔØ»[39m src/features/app-shell/routes/AccountsRoute.test.ts [2m([22m[2m4 tests[22m[2m | [22m[31m4 failed[39m[2m)[22m[32m 16[2mms[22m[39m
[31m     [31m├ù[31m renders loading state with skeleton cards[39m[32m 12[2mms[22m[39m
[31m     [31m├ù[31m renders an empty state when no accounts are returned[39m[32m 1[2mms[22m[39m
[31m     [31m├ù[31m renders an error state with alert semantics[39m[32m 1[2mms[22m[39m
[31m     [31m├ù[31m renders ready account cards with semantic amount hooks[39m[32m 1[2mms[22m[39m
 [31mÔØ»[39m src/features/app-shell/routes/TransfersRoute.test.ts [2m([22m[2m4 tests[22m[2m | [22m[31m4 failed[39m[2m)[22m[32m 28[2mms[22m[39m
[31m     [31m├ù[31m renders month navigation controls and swipe surface[39m[32m 22[2mms[22m[39m
[31m     [31m├ù[31m exposes a deterministic YYYY-MM month key marker[39m[32m 2[2mms[22m[39m
[31m     [31m├ù[31m shows loading skeletons when controller is in loading state[39m[32m 1[2mms[22m[39m
[31m     [31m├ù[31m shows empty state when no transfers exist for the month[39m[32m 1[2mms[22m[39m
 [31mÔØ»[39m src/features/app-shell/routes/placeholderRoutes.test.ts [2m([22m[2m2 tests[22m[2m | [22m[31m1 failed[39m[2m)[22m[32m 14[2mms[22m[39m
     [32mÔ£ô[39m renders 'route-add' with stable placeholder content[32m 2[2mms[22m[39m
[31m     [31m├ù[31m renders settings route with sign-in controls and auth status messaging[39m[32m 10[2mms[22m[39m
 [32mÔ£ô[39m src/auth/index.test.ts [2m([22m[2m2 tests[22m[2m)[22m[32m 6[2mms[22m[39m
 [32mÔ£ô[39m src/graph/index.test.ts [2m([22m[2m1 test[22m[2m)[22m[32m 4[2mms[22m[39m
 [31mÔØ»[39m src/features/app-shell/AppShell.test.ts [2m([22m[2m5 tests[22m[2m | [22m[31m5 failed[39m[2m)[22m[32m 13[2mms[22m[39m
[31m     [31m├ù[31m renders loading placeholder before route placeholder content[39m[32m 9[2mms[22m[39m
[31m     [31m├ù[31m renders accounts route content with the shared deployment footer once loading is complete[39m[32m 1[2mms[22m[39m
[31m     [31m├ù[31m renders transfers route content with the shared deployment footer once loading is complete[39m[32m 1[2mms[22m[39m
[31m     [31m├ù[31m renders add route content with the shared deployment footer once loading is complete[39m[32m 0[2mms[22m[39m
[31m     [31m├ù[31m renders settings route content with the shared deployment footer once loading is complete[39m[32m 0[2mms[22m[39m
 [32mÔ£ô[39m src/architectureAliases.test.ts [2m([22m[2m2 tests[22m[2m)[22m[32m 3[2mms[22m[39m

[2m Test Files [22m [1m[31m6 failed[39m[22m[2m | [22m[1m[32m35 passed[39m[22m[90m (41)[39m
[2m      Tests [22m [1m[31m21 failed[39m[22m[2m | [22m[1m[32m231 passed[39m[22m[90m (252)[39m
[2m   Start at [22m 23:38:13
[2m   Duration [22m 3.35s[2m (transform 14.28s, setup 0ms, import 25.93s, tests 1.32s, environment 10ms)[22m

